2026-08-25 08:28:56 | INFO | P02 | === RUN START ===
2026-08-25 08:28:56 | INFO | P02 | project=P02
2026-08-25 08:28:56 | INFO | P02 | repo_dir=datafun-02-automation
2026-08-25 08:28:56 | INFO | P02 | python=3.14.7
2026-08-25 08:28:56 | INFO | P02 | os=Windows 11
2026-08-25 08:28:56 | INFO | P02 | shell=powershell
2026-08-25 08:28:56 | INFO | P02 | cwd=.
2026-08-25 08:28:56 | INFO | P02 | github_actions=False
2026-08-25 08:28:56 | INFO | P02 | ===================================
2026-08-25 08:28:56 | INFO | P02 | START main()
2026-08-25 08:28:56 | INFO | P02 | ===================================
2026-08-25 08:28:56 | INFO | P02 | -------------------------------
2026-08-25 08:28:56 | INFO | P02 | 01. LOAD the data.
2026-08-25 08:28:56 | INFO | P02 | -------------------------------
2026-08-25 08:28:56 | INFO | P02 | data file = data\penguins.csv
2026-08-25 08:28:56 | INFO | P02 | Data loaded successfully.
2026-08-25 08:28:56 | INFO | P02 | -------------------------------
2026-08-25 08:28:56 | INFO | P02 | 02. INSPECT the data.
2026-08-25 08:28:56 | INFO | P02 | -------------------------------
2026-08-25 08:28:56 | INFO | P02 | START inspect
2026-08-25 08:28:56 | INFO | P02 |    row_count:    344
2026-08-25 08:28:56 | INFO | P02 |    column_count: 8
2026-08-25 08:28:56 | INFO | P02 |    column_names: ['species', 'island', 'bill_length_mm', 'bill_depth_mm', 'flipper_length_mm', 'body_mass_g', 'sex', 'year']
2026-08-25 08:28:56 | INFO | P02 | END inspect. Returning inspection_string.
2026-08-25 08:28:56 | INFO | P02 | 
----------------
Data Inspection:
----------------
    One row means: one penguin
    Row count: 344
    Column count: 8
    Column names: ['species', 'island', 'bill_length_mm', 'bill_depth_mm', 'flipper_length_mm', 'body_mass_g', 'sex', 'year']

---------------
First Few Rows:
---------------
  species     island  bill_length_mm  ...  body_mass_g     sex  year
0  Adelie  Torgersen            39.1  ...       3750.0    male  2007
1  Adelie  Torgersen            39.5  ...       3800.0  female  2007
2  Adelie  Torgersen            40.3  ...       3250.0  female  2007
3  Adelie  Torgersen             NaN  ...          NaN     NaN  2007
4  Adelie  Torgersen            36.7  ...       3450.0  female  2007

[5 rows x 8 columns]

2026-08-25 08:28:56 | INFO | P02 | -------------------------------
2026-08-25 08:28:56 | INFO | P02 | 03. REPEAT logic using a for loop.
2026-08-25 08:28:56 | INFO | P02 | -------------------------------
2026-08-25 08:28:56 | INFO | P02 | Column name: species
2026-08-25 08:28:56 | INFO | P02 | Column name: island
2026-08-25 08:28:56 | INFO | P02 | Column name: bill_length_mm
2026-08-25 08:28:56 | INFO | P02 | Column name: bill_depth_mm
2026-08-25 08:28:56 | INFO | P02 | Column name: flipper_length_mm
2026-08-25 08:28:56 | INFO | P02 | Column name: body_mass_g
2026-08-25 08:28:56 | INFO | P02 | Column name: sex
2026-08-25 08:28:56 | INFO | P02 | Column name: year
2026-08-25 08:28:56 | INFO | P02 | Selected group column: species
2026-08-25 08:28:56 | INFO | P02 | Reason for choosing this group: 
The species column has a small number of unique values.
There are three unique species, so a for loop can
process and log each one.

2026-08-25 08:28:56 | INFO | P02 | Item: Adelie
2026-08-25 08:28:56 | INFO | P02 | Item: Gentoo
2026-08-25 08:28:56 | INFO | P02 | Item: Chinstrap
2026-08-25 08:28:56 | INFO | P02 | -------------------------------
2026-08-25 08:28:56 | INFO | P02 | 04. TRANSFORM one list to another list.
2026-08-25 08:28:56 | INFO | P02 | -------------------------------
2026-08-25 08:28:56 | INFO | P02 | Capitalized column names: ['SPECIES', 'ISLAND', 'BILL_LENGTH_MM', 'BILL_DEPTH_MM', 'FLIPPER_LENGTH_MM', 'BODY_MASS_G', 'SEX', 'YEAR']
2026-08-25 08:28:56 | INFO | P02 | -------------------------------
2026-08-25 08:28:56 | INFO | P02 | 05. BRANCH based on conditions.
2026-08-25 08:28:56 | INFO | P02 | -------------------------------
2026-08-25 08:28:56 | INFO | P02 | Selected measurement column: bill_length_mm
2026-08-25 08:28:56 | INFO | P02 | Reason for choosing this measurement: 
Bill length varies across penguins.
There is no fixed cutoff, so we'll calculate the average
and assign a classification depending on a threshold
around the average value.

2026-08-25 08:28:56 | INFO | P02 | bill_length_mm - Minimum: 32.1
2026-08-25 08:28:56 | INFO | P02 | bill_length_mm - Maximum:  59.6
2026-08-25 08:28:56 | INFO | P02 | bill_length_mm - Mean:     43.9219298245614
2026-08-25 08:28:56 | INFO | P02 | -------------------------------
2026-08-25 08:28:56 | INFO | P02 | Sample bill_length_mm: 39.1
2026-08-25 08:28:56 | INFO | P02 | Short threshold multiplier: 0.9
2026-08-25 08:28:56 | INFO | P02 | Long threshold multiplier:  1.1
2026-08-25 08:28:56 | INFO | P02 | Short threshold: 39.529736842105265
2026-08-25 08:28:56 | INFO | P02 | Long threshold:  48.31412280701755
2026-08-25 08:28:56 | INFO | P02 | First row bill_length_mm classification: SHORT
2026-08-25 08:28:56 | INFO | P02 | -------------------------------
2026-08-25 08:28:56 | INFO | P02 | 06. REPEAT while a condition is true.
2026-08-25 08:28:56 | INFO | P02 | -------------------------------
2026-08-25 08:28:56 | INFO | P02 | Starting to process measurements periodically...
2026-08-25 08:28:56 | INFO | P02 | Max records to process: 10
2026-08-25 08:28:56 | INFO | P02 | Stream wait seconds: 1
2026-08-25 08:28:56 | INFO | P02 | Current count: 0
2026-08-25 08:28:56 | INFO | P02 | Current bill_length_mm: 39.1
2026-08-25 08:28:56 | INFO | P02 | Updated count: 1
2026-08-25 08:28:57 | INFO | P02 | Current bill_length_mm: 39.5
2026-08-25 08:28:57 | INFO | P02 | Updated count: 2
2026-08-25 08:28:58 | INFO | P02 | Current bill_length_mm: 40.3
2026-08-25 08:28:58 | INFO | P02 | Updated count: 3
2026-08-25 08:28:59 | INFO | P02 | Current bill_length_mm: nan
2026-08-25 08:28:59 | INFO | P02 | Updated count: 4
2026-08-25 08:29:00 | INFO | P02 | Current bill_length_mm: 36.7
2026-08-25 08:29:00 | INFO | P02 | Updated count: 5
2026-08-25 08:29:01 | INFO | P02 | Current bill_length_mm: 39.3
2026-08-25 08:29:01 | INFO | P02 | Updated count: 6
2026-08-25 08:29:02 | INFO | P02 | Current bill_length_mm: 38.9
2026-08-25 08:29:02 | INFO | P02 | Updated count: 7
2026-08-25 08:29:03 | INFO | P02 | Current bill_length_mm: 39.2
2026-08-25 08:29:03 | INFO | P02 | Updated count: 8
2026-08-25 08:29:04 | INFO | P02 | Current bill_length_mm: 34.1
2026-08-25 08:29:04 | INFO | P02 | Updated count: 9
2026-08-25 08:29:05 | INFO | P02 | Current bill_length_mm: 42.0
2026-08-25 08:29:05 | INFO | P02 | Updated count: 10
2026-08-25 08:29:06 | INFO | P02 | -------------------------------
2026-08-25 08:29:06 | INFO | P02 | 07. VISUALIZE the selected measurement.
2026-08-25 08:29:06 | INFO | P02 | -------------------------------
2026-08-25 08:29:06 | INFO | P02 | Creating a chart to visualize the selected measurement.
2026-08-25 08:29:06 | INFO | P02 | We selected one numeric column, so let's look at the distribution.
2026-08-25 08:29:06 | INFO | P02 | Chart saved successfully at docs\images\measurement-distribution.png.
2026-08-25 08:29:06 | INFO | P02 | IMPORTANT: Close chart window to continue by clicking its X or close button.
2026-08-25 08:29:06 | INFO | P02 | ===================================
2026-08-25 08:29:06 | INFO | P02 | END main() - Executed successfully!
2026-08-25 08:29:06 | INFO | P02 | ===================================
2026-09-03 19:31:50 | INFO | P02 | === RUN START ===
2026-09-03 19:31:50 | INFO | P02 | project=P02
2026-09-03 19:31:50 | INFO | P02 | repo_dir=datafun-02-automation
2026-09-03 19:31:50 | INFO | P02 | python=3.14.7
2026-09-03 19:31:50 | INFO | P02 | os=Windows 11
2026-09-03 19:31:50 | INFO | P02 | shell=powershell
2026-09-03 19:31:50 | INFO | P02 | cwd=.
2026-09-03 19:31:50 | INFO | P02 | github_actions=False
2026-09-03 19:31:50 | INFO | P02 | ===================================
2026-09-03 19:31:50 | INFO | P02 | START main()
2026-09-03 19:31:50 | INFO | P02 | ===================================
2026-09-03 19:31:50 | INFO | P02 | -------------------------------
2026-09-03 19:31:50 | INFO | P02 | 01. LOAD the data.
2026-09-03 19:31:50 | INFO | P02 | -------------------------------
2026-09-03 19:31:50 | INFO | P02 | data file = data\penguins.csv
2026-09-03 19:31:50 | INFO | P02 | Data loaded successfully.
2026-09-03 19:31:50 | INFO | P02 | -------------------------------
2026-09-03 19:31:50 | INFO | P02 | 02. INSPECT the data.
2026-09-03 19:31:50 | INFO | P02 | -------------------------------
2026-09-03 19:31:50 | INFO | P02 | START inspect
2026-09-03 19:31:50 | INFO | P02 |    row_count:    344
2026-09-03 19:31:50 | INFO | P02 |    column_count: 8
2026-09-03 19:31:50 | INFO | P02 |    column_names: ['species', 'island', 'bill_length_mm', 'bill_depth_mm', 'flipper_length_mm', 'body_mass_g', 'sex', 'year']
2026-09-03 19:31:50 | INFO | P02 | END inspect. Returning inspection_string.
2026-09-03 19:31:50 | INFO | P02 | 
----------------
Data Inspection:
----------------
    One row means: one penguin
    Row count: 344
    Column count: 8
    Column names: ['species', 'island', 'bill_length_mm', 'bill_depth_mm', 'flipper_length_mm', 'body_mass_g', 'sex', 'year']

---------------
First Few Rows:
---------------
  species     island  bill_length_mm  ...  body_mass_g     sex  year
0  Adelie  Torgersen            39.1  ...       3750.0    male  2007
1  Adelie  Torgersen            39.5  ...       3800.0  female  2007
2  Adelie  Torgersen            40.3  ...       3250.0  female  2007
3  Adelie  Torgersen             NaN  ...          NaN     NaN  2007
4  Adelie  Torgersen            36.7  ...       3450.0  female  2007

[5 rows x 8 columns]

2026-09-03 19:31:50 | INFO | P02 | -------------------------------
2026-09-03 19:31:50 | INFO | P02 | 03. REPEAT logic using a for loop.
2026-09-03 19:31:50 | INFO | P02 | -------------------------------
2026-09-03 19:31:50 | INFO | P02 | Column name: species
2026-09-03 19:31:50 | INFO | P02 | Column name: island
2026-09-03 19:31:50 | INFO | P02 | Column name: bill_length_mm
2026-09-03 19:31:50 | INFO | P02 | Column name: bill_depth_mm
2026-09-03 19:31:50 | INFO | P02 | Column name: flipper_length_mm
2026-09-03 19:31:50 | INFO | P02 | Column name: body_mass_g
2026-09-03 19:31:50 | INFO | P02 | Column name: sex
2026-09-03 19:31:50 | INFO | P02 | Column name: year
2026-09-03 19:31:50 | INFO | P02 | Selected group column: species
2026-09-03 19:31:50 | INFO | P02 | Reason for choosing this group: 
The species column has a small number of unique values.
There are three unique species, so a for loop can
process and log each one.

2026-09-03 19:31:50 | INFO | P02 | Item: Adelie
2026-09-03 19:31:50 | INFO | P02 | Item: Gentoo
2026-09-03 19:31:50 | INFO | P02 | Item: Chinstrap
2026-09-03 19:31:50 | INFO | P02 | -------------------------------
2026-09-03 19:31:50 | INFO | P02 | 04. TRANSFORM one list to another list.
2026-09-03 19:31:50 | INFO | P02 | -------------------------------
2026-09-03 19:31:50 | INFO | P02 | Capitalized column names: ['SPECIES', 'ISLAND', 'BILL_LENGTH_MM', 'BILL_DEPTH_MM', 'FLIPPER_LENGTH_MM', 'BODY_MASS_G', 'SEX', 'YEAR']
2026-09-03 19:31:50 | INFO | P02 | -------------------------------
2026-09-03 19:31:50 | INFO | P02 | 05. BRANCH based on conditions.
2026-09-03 19:31:50 | INFO | P02 | -------------------------------
2026-09-03 19:31:50 | INFO | P02 | Selected measurement column: bill_length_mm
2026-09-03 19:31:50 | INFO | P02 | Reason for choosing this measurement: 
Bill length varies across penguins.
There is no fixed cutoff, so we'll calculate the average
and assign a classification depending on a threshold
around the average value.

2026-09-03 19:31:50 | INFO | P02 | bill_length_mm - Minimum: 32.1
2026-09-03 19:31:50 | INFO | P02 | bill_length_mm - Maximum:  59.6
2026-09-03 19:31:50 | INFO | P02 | bill_length_mm - Mean:     43.9219298245614
2026-09-03 19:31:50 | INFO | P02 | -------------------------------
2026-09-03 19:31:50 | INFO | P02 | Sample bill_length_mm: 39.1
2026-09-03 19:31:50 | INFO | P02 | Short threshold multiplier: 0.9
2026-09-03 19:31:50 | INFO | P02 | Long threshold multiplier:  1.1
2026-09-03 19:31:50 | INFO | P02 | Short threshold: 39.529736842105265
2026-09-03 19:31:50 | INFO | P02 | Long threshold:  48.31412280701755
2026-09-03 19:31:50 | INFO | P02 | First row bill_length_mm classification: SHORT
2026-09-03 19:31:50 | INFO | P02 | -------------------------------
2026-09-03 19:31:50 | INFO | P02 | 06. REPEAT while a condition is true.
2026-09-03 19:31:50 | INFO | P02 | -------------------------------
2026-09-03 19:31:50 | INFO | P02 | Starting to process measurements periodically...
2026-09-03 19:31:50 | INFO | P02 | Max records to process: 10
2026-09-03 19:31:50 | INFO | P02 | Stream wait seconds: 1
2026-09-03 19:31:50 | INFO | P02 | Current count: 0
2026-09-03 19:31:50 | INFO | P02 | Current bill_length_mm: 39.1
2026-09-03 19:31:50 | INFO | P02 | Updated count: 1
2026-09-03 19:31:51 | INFO | P02 | Current bill_length_mm: 39.5
2026-09-03 19:31:51 | INFO | P02 | Updated count: 2
2026-09-03 19:31:52 | INFO | P02 | Current bill_length_mm: 40.3
2026-09-03 19:31:52 | INFO | P02 | Updated count: 3
2026-09-03 19:31:53 | INFO | P02 | Current bill_length_mm: nan
2026-09-03 19:31:53 | INFO | P02 | Updated count: 4
2026-09-03 19:31:54 | INFO | P02 | Current bill_length_mm: 36.7
2026-09-03 19:31:54 | INFO | P02 | Updated count: 5
2026-09-03 19:31:55 | INFO | P02 | Current bill_length_mm: 39.3
2026-09-03 19:31:55 | INFO | P02 | Updated count: 6
2026-09-03 19:31:56 | INFO | P02 | Current bill_length_mm: 38.9
2026-09-03 19:31:56 | INFO | P02 | Updated count: 7
2026-09-03 19:31:57 | INFO | P02 | Current bill_length_mm: 39.2
2026-09-03 19:31:57 | INFO | P02 | Updated count: 8
2026-09-03 19:31:58 | INFO | P02 | Current bill_length_mm: 34.1
2026-09-03 19:31:58 | INFO | P02 | Updated count: 9
2026-09-03 19:31:59 | INFO | P02 | Current bill_length_mm: 42.0
2026-09-03 19:31:59 | INFO | P02 | Updated count: 10
2026-09-03 19:32:00 | INFO | P02 | -------------------------------
2026-09-03 19:32:00 | INFO | P02 | 07. VISUALIZE the selected measurement.
2026-09-03 19:32:00 | INFO | P02 | -------------------------------
2026-09-03 19:32:00 | INFO | P02 | Creating a chart to visualize the selected measurement.
2026-09-03 19:32:00 | INFO | P02 | We selected one numeric column, so let's look at the distribution.
2026-09-03 19:32:01 | INFO | P02 | Chart saved successfully at docs\images\measurement-distribution.png.
2026-09-03 19:32:01 | INFO | P02 | IMPORTANT: Close chart window to continue by clicking its X or close button.
2026-09-03 20:12:34 | INFO | P02 | ===================================
2026-09-03 20:12:34 | INFO | P02 | END main() - Executed successfully!
2026-09-03 20:12:34 | INFO | P02 | ===================================
2026-09-06 03:19:06 | INFO | P02 | === RUN START ===
2026-09-06 03:19:06 | INFO | P02 | project=P02
2026-09-06 03:19:06 | INFO | P02 | repo_dir=datafun-02-automation
2026-09-06 03:19:06 | INFO | P02 | python=3.14.7
2026-09-06 03:19:06 | INFO | P02 | os=Windows 11
2026-09-06 03:19:06 | INFO | P02 | shell=powershell
2026-09-06 03:19:06 | INFO | P02 | cwd=.
2026-09-06 03:19:06 | INFO | P02 | github_actions=False
2026-09-06 03:19:06 | INFO | P02 | ===================================
2026-09-06 03:19:06 | INFO | P02 | START main()
2026-09-06 03:19:06 | INFO | P02 | ===================================
2026-09-06 03:19:06 | INFO | P02 | -------------------------------
2026-09-06 03:19:06 | INFO | P02 | 01. LOAD the data.
2026-09-06 03:19:06 | INFO | P02 | -------------------------------
2026-09-06 03:19:06 | INFO | P02 | data file = data\penguins.csv
2026-09-06 03:19:06 | INFO | P02 | Data loaded successfully.
2026-09-06 03:19:06 | INFO | P02 | -------------------------------
2026-09-06 03:19:06 | INFO | P02 | 02. INSPECT the data.
2026-09-06 03:19:06 | INFO | P02 | -------------------------------
2026-09-06 03:19:06 | INFO | P02 | START inspect
2026-09-06 03:19:06 | INFO | P02 |    row_count:    344
2026-09-06 03:19:06 | INFO | P02 |    column_count: 8
2026-09-06 03:19:06 | INFO | P02 |    column_names: ['species', 'island', 'bill_length_mm', 'bill_depth_mm', 'flipper_length_mm', 'body_mass_g', 'sex', 'year']
2026-09-06 03:19:06 | INFO | P02 | END inspect. Returning inspection_string.
2026-09-06 03:19:06 | INFO | P02 | 
----------------
Data Inspection:
----------------
    One row means: one penguin
    Row count: 344
    Column count: 8
    Column names: ['species', 'island', 'bill_length_mm', 'bill_depth_mm', 'flipper_length_mm', 'body_mass_g', 'sex', 'year']

---------------
First Few Rows:
---------------
  species     island  bill_length_mm  bill_depth_mm  flipper_length_mm  body_mass_g     sex  year
0  Adelie  Torgersen            39.1           18.7              181.0       3750.0    male  2007
1  Adelie  Torgersen            39.5           17.4              186.0       3800.0  female  2007
2  Adelie  Torgersen            40.3           18.0              195.0       3250.0  female  2007
3  Adelie  Torgersen             NaN            NaN                NaN          NaN     NaN  2007
4  Adelie  Torgersen            36.7           19.3              193.0       3450.0  female  2007

2026-09-06 03:19:06 | INFO | P02 | -------------------------------
2026-09-06 03:19:06 | INFO | P02 | 03. REPEAT logic using a for loop.
2026-09-06 03:19:06 | INFO | P02 | -------------------------------
2026-09-06 03:19:06 | INFO | P02 | Column name: species
2026-09-06 03:19:06 | INFO | P02 | Column name: island
2026-09-06 03:19:06 | INFO | P02 | Column name: bill_length_mm
2026-09-06 03:19:06 | INFO | P02 | Column name: bill_depth_mm
2026-09-06 03:19:06 | INFO | P02 | Column name: flipper_length_mm
2026-09-06 03:19:06 | INFO | P02 | Column name: body_mass_g
2026-09-06 03:19:06 | INFO | P02 | Column name: sex
2026-09-06 03:19:06 | INFO | P02 | Column name: year
2026-09-06 03:19:06 | INFO | P02 | Selected group column: species
2026-09-06 03:19:06 | INFO | P02 | Reason for choosing this group: 
The species column has a small number of unique values.
There are three unique species, so a for loop can
process and log each one.

2026-09-06 03:19:06 | INFO | P02 | Item: Adelie
2026-09-06 03:19:06 | INFO | P02 | Item: Gentoo
2026-09-06 03:19:06 | INFO | P02 | Item: Chinstrap
2026-09-06 03:19:06 | INFO | P02 | -------------------------------
2026-09-06 03:19:06 | INFO | P02 | 04. TRANSFORM one list to another list.
2026-09-06 03:19:06 | INFO | P02 | -------------------------------
2026-09-06 03:19:06 | INFO | P02 | Capitalized column names: ['SPECIES', 'ISLAND', 'BILL_LENGTH_MM', 'BILL_DEPTH_MM', 'FLIPPER_LENGTH_MM', 'BODY_MASS_G', 'SEX', 'YEAR']
2026-09-06 03:19:06 | INFO | P02 | -------------------------------
2026-09-06 03:19:06 | INFO | P02 | 05. BRANCH based on conditions.
2026-09-06 03:19:06 | INFO | P02 | -------------------------------
2026-09-06 03:19:06 | INFO | P02 | Selected measurement column: bill_length_mm
2026-09-06 03:19:06 | INFO | P02 | Reason for choosing this measurement: 
Bill length varies across penguins.
There is no fixed cutoff, so we'll calculate the average
and assign a classification depending on a threshold
around the average value.

2026-09-06 03:19:06 | INFO | P02 | bill_length_mm - Minimum: 32.1
2026-09-06 03:19:06 | INFO | P02 | bill_length_mm - Maximum:  59.6
2026-09-06 03:19:06 | INFO | P02 | bill_length_mm - Mean:     43.9219298245614
2026-09-06 03:19:06 | INFO | P02 | -------------------------------
2026-09-06 03:19:06 | INFO | P02 | Sample bill_length_mm: 39.1
2026-09-06 03:19:06 | INFO | P02 | Short threshold multiplier: 0.9
2026-09-06 03:19:06 | INFO | P02 | Long threshold multiplier:  1.1
2026-09-06 03:19:06 | INFO | P02 | Short threshold: 39.529736842105265
2026-09-06 03:19:06 | INFO | P02 | Long threshold:  48.31412280701755
2026-09-06 03:19:06 | INFO | P02 | First row bill_length_mm classification: SHORT
2026-09-06 03:19:06 | INFO | P02 | -------------------------------
2026-09-06 03:19:06 | INFO | P02 | 06. REPEAT while a condition is true.
2026-09-06 03:19:06 | INFO | P02 | -------------------------------
2026-09-06 03:19:06 | INFO | P02 | Starting to process measurements periodically...
2026-09-06 03:19:06 | INFO | P02 | Max records to process: 10
2026-09-06 03:19:06 | INFO | P02 | Stream wait seconds: 1
2026-09-06 03:19:06 | INFO | P02 | Current count: 0
2026-09-06 03:19:06 | INFO | P02 | Current bill_length_mm: 39.1
2026-09-06 03:19:06 | INFO | P02 | Updated count: 1
2026-09-06 03:19:07 | INFO | P02 | Current bill_length_mm: 39.5
2026-09-06 03:19:07 | INFO | P02 | Updated count: 2
2026-09-06 03:19:08 | INFO | P02 | Current bill_length_mm: 40.3
2026-09-06 03:19:08 | INFO | P02 | Updated count: 3
2026-09-06 03:19:09 | INFO | P02 | Current bill_length_mm: nan
2026-09-06 03:19:09 | INFO | P02 | Updated count: 4
2026-09-06 03:19:10 | INFO | P02 | Current bill_length_mm: 36.7
2026-09-06 03:19:10 | INFO | P02 | Updated count: 5
2026-09-06 03:19:11 | INFO | P02 | Current bill_length_mm: 39.3
2026-09-06 03:19:11 | INFO | P02 | Updated count: 6
2026-09-06 03:19:12 | INFO | P02 | Current bill_length_mm: 38.9
2026-09-06 03:19:12 | INFO | P02 | Updated count: 7
2026-09-06 03:19:13 | INFO | P02 | Current bill_length_mm: 39.2
2026-09-06 03:19:13 | INFO | P02 | Updated count: 8
2026-09-06 03:19:14 | INFO | P02 | Current bill_length_mm: 34.1
2026-09-06 03:19:14 | INFO | P02 | Updated count: 9
2026-09-06 03:19:15 | INFO | P02 | Current bill_length_mm: 42.0
2026-09-06 03:19:15 | INFO | P02 | Updated count: 10
2026-09-06 03:19:16 | INFO | P02 | -------------------------------
2026-09-06 03:19:16 | INFO | P02 | 07. VISUALIZE the selected measurement.
2026-09-06 03:19:16 | INFO | P02 | -------------------------------
2026-09-06 03:19:16 | INFO | P02 | Creating a chart to visualize the selected measurement.
2026-09-06 03:19:16 | INFO | P02 | We selected one numeric column, so let's look at the distribution.
2026-09-06 03:19:17 | INFO | P02 | Chart saved successfully at docs\images\measurement-distribution.png.
2026-09-06 03:19:17 | INFO | P02 | IMPORTANT: Close chart window to continue by clicking its X or close button.
2026-09-06 03:19:24 | INFO | P02 | ===================================
2026-09-06 03:19:24 | INFO | P02 | END main() - Executed successfully!
2026-09-06 03:19:24 | INFO | P02 | ===================================
2026-09-06 03:20:29 | INFO | P02 | === RUN START ===
2026-09-06 03:20:29 | INFO | P02 | project=P02
2026-09-06 03:20:29 | INFO | P02 | repo_dir=datafun-02-automation
2026-09-06 03:20:29 | INFO | P02 | python=3.14.7
2026-09-06 03:20:29 | INFO | P02 | os=Windows 11
2026-09-06 03:20:29 | INFO | P02 | shell=powershell
2026-09-06 03:20:29 | INFO | P02 | cwd=.
2026-09-06 03:20:29 | INFO | P02 | github_actions=False
2026-09-06 03:20:29 | INFO | P02 | ===================================
2026-09-06 03:20:29 | INFO | P02 | START main()
2026-09-06 03:20:29 | INFO | P02 | ===================================
2026-09-06 03:20:29 | INFO | P02 | -------------------------------
2026-09-06 03:20:29 | INFO | P02 | 01. LOAD the data.
2026-09-06 03:20:29 | INFO | P02 | -------------------------------
2026-09-06 03:20:29 | INFO | P02 | data file = data\penguins.csv
2026-09-06 03:20:29 | INFO | P02 | Data loaded successfully.
2026-09-06 03:20:29 | INFO | P02 | -------------------------------
2026-09-06 03:20:29 | INFO | P02 | 02. INSPECT the data.
2026-09-06 03:20:29 | INFO | P02 | -------------------------------
2026-09-06 03:20:29 | INFO | P02 | START inspect
2026-09-06 03:20:29 | INFO | P02 |    row_count:    344
2026-09-06 03:20:29 | INFO | P02 |    column_count: 8
2026-09-06 03:20:29 | INFO | P02 |    column_names: ['species', 'island', 'bill_length_mm', 'bill_depth_mm', 'flipper_length_mm', 'body_mass_g', 'sex', 'year']
2026-09-06 03:20:29 | INFO | P02 | END inspect. Returning inspection_string.
2026-09-06 03:20:29 | INFO | P02 | 
----------------
Data Inspection:
----------------
    One row means: one penguin
    Row count: 344
    Column count: 8
    Column names: ['species', 'island', 'bill_length_mm', 'bill_depth_mm', 'flipper_length_mm', 'body_mass_g', 'sex', 'year']

---------------
First Few Rows:
---------------
  species     island  bill_length_mm  ...  body_mass_g     sex  year
0  Adelie  Torgersen            39.1  ...       3750.0    male  2007
1  Adelie  Torgersen            39.5  ...       3800.0  female  2007
2  Adelie  Torgersen            40.3  ...       3250.0  female  2007
3  Adelie  Torgersen             NaN  ...          NaN     NaN  2007
4  Adelie  Torgersen            36.7  ...       3450.0  female  2007

[5 rows x 8 columns]

2026-09-06 03:20:29 | INFO | P02 | -------------------------------
2026-09-06 03:20:29 | INFO | P02 | 03. REPEAT logic using a for loop.
2026-09-06 03:20:29 | INFO | P02 | -------------------------------
2026-09-06 03:20:29 | INFO | P02 | Column name: species
2026-09-06 03:20:29 | INFO | P02 | Column name: island
2026-09-06 03:20:29 | INFO | P02 | Column name: bill_length_mm
2026-09-06 03:20:29 | INFO | P02 | Column name: bill_depth_mm
2026-09-06 03:20:29 | INFO | P02 | Column name: flipper_length_mm
2026-09-06 03:20:29 | INFO | P02 | Column name: body_mass_g
2026-09-06 03:20:29 | INFO | P02 | Column name: sex
2026-09-06 03:20:29 | INFO | P02 | Column name: year
2026-09-06 03:20:29 | INFO | P02 | Selected group column: species
2026-09-06 03:20:29 | INFO | P02 | Reason for choosing this group: 
The species column has a small number of unique values.
There are three unique species, so a for loop can
process and log each one.

2026-09-06 03:20:29 | INFO | P02 | Item: Adelie
2026-09-06 03:20:29 | INFO | P02 | Item: Gentoo
2026-09-06 03:20:29 | INFO | P02 | Item: Chinstrap
2026-09-06 03:20:29 | INFO | P02 | -------------------------------
2026-09-06 03:20:29 | INFO | P02 | 04. TRANSFORM one list to another list.
2026-09-06 03:20:29 | INFO | P02 | -------------------------------
2026-09-06 03:20:29 | INFO | P02 | Capitalized column names: ['SPECIES', 'ISLAND', 'BILL_LENGTH_MM', 'BILL_DEPTH_MM', 'FLIPPER_LENGTH_MM', 'BODY_MASS_G', 'SEX', 'YEAR']
2026-09-06 03:20:29 | INFO | P02 | -------------------------------
2026-09-06 03:20:29 | INFO | P02 | 05. BRANCH based on conditions.
2026-09-06 03:20:29 | INFO | P02 | -------------------------------
2026-09-06 03:20:29 | INFO | P02 | Selected measurement column: bill_length_mm
2026-09-06 03:20:29 | INFO | P02 | Reason for choosing this measurement: 
Bill length varies across penguins.
There is no fixed cutoff, so we'll calculate the average
and assign a classification depending on a threshold
around the average value.

2026-09-06 03:20:29 | INFO | P02 | bill_length_mm - Minimum: 32.1
2026-09-06 03:20:29 | INFO | P02 | bill_length_mm - Maximum:  59.6
2026-09-06 03:20:29 | INFO | P02 | bill_length_mm - Mean:     43.9219298245614
2026-09-06 03:20:29 | INFO | P02 | -------------------------------
2026-09-06 03:20:29 | INFO | P02 | Sample bill_length_mm: 39.1
2026-09-06 03:20:29 | INFO | P02 | Short threshold multiplier: 0.9
2026-09-06 03:20:29 | INFO | P02 | Long threshold multiplier:  1.1
2026-09-06 03:20:29 | INFO | P02 | Short threshold: 39.529736842105265
2026-09-06 03:20:29 | INFO | P02 | Long threshold:  48.31412280701755
2026-09-06 03:20:29 | INFO | P02 | First row bill_length_mm classification: SHORT
2026-09-06 03:20:29 | INFO | P02 | -------------------------------
2026-09-06 03:20:29 | INFO | P02 | 06. REPEAT while a condition is true.
2026-09-06 03:20:29 | INFO | P02 | -------------------------------
2026-09-06 03:20:29 | INFO | P02 | Starting to process measurements periodically...
2026-09-06 03:20:29 | INFO | P02 | Max records to process: 10
2026-09-06 03:20:29 | INFO | P02 | Stream wait seconds: 1
2026-09-06 03:20:29 | INFO | P02 | Current count: 0
2026-09-06 03:20:29 | INFO | P02 | Current bill_length_mm: 39.1
2026-09-06 03:20:29 | INFO | P02 | Updated count: 1
2026-09-06 03:20:30 | INFO | P02 | Current bill_length_mm: 39.5
2026-09-06 03:20:30 | INFO | P02 | Updated count: 2
2026-09-06 03:20:31 | INFO | P02 | Current bill_length_mm: 40.3
2026-09-06 03:20:31 | INFO | P02 | Updated count: 3
2026-09-06 03:20:32 | INFO | P02 | Current bill_length_mm: nan
2026-09-06 03:20:32 | INFO | P02 | Updated count: 4
2026-09-06 03:20:33 | INFO | P02 | Current bill_length_mm: 36.7
2026-09-06 03:20:33 | INFO | P02 | Updated count: 5
2026-09-06 03:20:34 | INFO | P02 | Current bill_length_mm: 39.3
2026-09-06 03:20:34 | INFO | P02 | Updated count: 6
2026-09-06 03:20:35 | INFO | P02 | Current bill_length_mm: 38.9
2026-09-06 03:20:35 | INFO | P02 | Updated count: 7
2026-09-06 03:20:36 | INFO | P02 | Current bill_length_mm: 39.2
2026-09-06 03:20:36 | INFO | P02 | Updated count: 8
2026-09-06 03:20:37 | INFO | P02 | Current bill_length_mm: 34.1
2026-09-06 03:20:37 | INFO | P02 | Updated count: 9
2026-09-06 03:20:38 | INFO | P02 | Current bill_length_mm: 42.0
2026-09-06 03:20:38 | INFO | P02 | Updated count: 10
2026-09-06 03:20:39 | INFO | P02 | -------------------------------
2026-09-06 03:20:39 | INFO | P02 | 07. VISUALIZE the selected measurement.
2026-09-06 03:20:39 | INFO | P02 | -------------------------------
2026-09-06 03:20:39 | INFO | P02 | Creating a chart to visualize the selected measurement.
2026-09-06 03:20:39 | INFO | P02 | We selected one numeric column, so let's look at the distribution.
2026-09-06 03:20:39 | INFO | P02 | Chart saved successfully at docs\images\measurement-distribution.png.
2026-09-06 03:20:39 | INFO | P02 | IMPORTANT: Close chart window to continue by clicking its X or close button.
2026-09-06 03:20:39 | INFO | P02 | ===================================
2026-09-06 03:20:39 | INFO | P02 | END main() - Executed successfully!
2026-09-06 03:20:39 | INFO | P02 | ===================================
2026-09-06 10:48:19 | INFO | P02 | === RUN START ===
2026-09-06 10:48:19 | INFO | P02 | project=P02
2026-09-06 10:48:19 | INFO | P02 | repo_dir=datafun-02-automation
2026-09-06 10:48:19 | INFO | P02 | python=3.14.7
2026-09-06 10:48:19 | INFO | P02 | os=Windows 11
2026-09-06 10:48:19 | INFO | P02 | shell=powershell
2026-09-06 10:48:19 | INFO | P02 | cwd=.
2026-09-06 10:48:19 | INFO | P02 | github_actions=False
2026-09-06 10:48:19 | INFO | P02 | ===================================
2026-09-06 10:48:19 | INFO | P02 | START main()
2026-09-06 10:48:19 | INFO | P02 | ===================================
2026-09-06 10:48:19 | INFO | P02 | -------------------------------
2026-09-06 10:48:19 | INFO | P02 | 01. LOAD the data.
2026-09-06 10:48:19 | INFO | P02 | -------------------------------
2026-09-06 10:48:19 | INFO | P02 | data file = data\penguins_tomasso.csv
2026-09-06 10:48:19 | INFO | P02 | Data loaded successfully.
2026-09-06 10:48:19 | INFO | P02 | -------------------------------
2026-09-06 10:48:19 | INFO | P02 | 02. INSPECT the data.
2026-09-06 10:48:19 | INFO | P02 | -------------------------------
2026-09-06 10:48:19 | INFO | P02 | START inspect
2026-09-06 10:48:19 | INFO | P02 |    row_count:    344
2026-09-06 10:48:19 | INFO | P02 |    column_count: 8
2026-09-06 10:48:19 | INFO | P02 |    column_names: ['species', 'island', 'bill_length_mm', 'bill_depth_mm', 'flipper_length_mm', 'body_mass_g', 'sex', 'year']
2026-09-06 10:48:19 | INFO | P02 | END inspect. Returning inspection_string.
2026-09-06 10:48:19 | INFO | P02 | 
----------------
Data Inspection:
----------------
    One row means: one penguin
    Row count: 344
    Column count: 8
    Column names: ['species', 'island', 'bill_length_mm', 'bill_depth_mm', 'flipper_length_mm', 'body_mass_g', 'sex', 'year']

---------------
First Few Rows:
---------------
  species     island  bill_length_mm  bill_depth_mm  flipper_length_mm  body_mass_g     sex  year
0  Adelie  Torgersen            39.1           18.7              181.0       3750.0    male  2007
1  Adelie  Torgersen            39.5           17.4              186.0       3800.0  female  2007
2  Adelie  Torgersen            40.3           18.0              195.0       3250.0  female  2007
3  Adelie  Torgersen             NaN            NaN                NaN          NaN     NaN  2007
4  Adelie  Torgersen            36.7           19.3              193.0       3450.0  female  2007

2026-09-06 10:48:19 | INFO | P02 | -------------------------------
2026-09-06 10:48:19 | INFO | P02 | 03. REPEAT logic using a for loop.
2026-09-06 10:48:19 | INFO | P02 | -------------------------------
2026-09-06 10:48:19 | INFO | P02 | Column name: species
2026-09-06 10:48:19 | INFO | P02 | Column name: island
2026-09-06 10:48:19 | INFO | P02 | Column name: bill_length_mm
2026-09-06 10:48:19 | INFO | P02 | Column name: bill_depth_mm
2026-09-06 10:48:19 | INFO | P02 | Column name: flipper_length_mm
2026-09-06 10:48:19 | INFO | P02 | Column name: body_mass_g
2026-09-06 10:48:19 | INFO | P02 | Column name: sex
2026-09-06 10:48:19 | INFO | P02 | Column name: year
2026-09-06 10:48:19 | INFO | P02 | Selected group column: species
2026-09-06 10:48:19 | INFO | P02 | Reason for choosing this group: 
The species column has a small number of unique values.
There are three unique species, so a for loop can
process and log each one.

2026-09-06 10:48:19 | INFO | P02 | Item: Adelie
2026-09-06 10:48:19 | INFO | P02 | Item: Gentoo
2026-09-06 10:48:19 | INFO | P02 | Item: Chinstrap
2026-09-06 10:48:19 | INFO | P02 | -------------------------------
2026-09-06 10:48:19 | INFO | P02 | 04. TRANSFORM one list to another list.
2026-09-06 10:48:19 | INFO | P02 | -------------------------------
2026-09-06 10:48:19 | INFO | P02 | Capitalized column names: ['SPECIES', 'ISLAND', 'BILL_LENGTH_MM', 'BILL_DEPTH_MM', 'FLIPPER_LENGTH_MM', 'BODY_MASS_G', 'SEX', 'YEAR']
2026-09-06 10:48:19 | INFO | P02 | -------------------------------
2026-09-06 10:48:19 | INFO | P02 | 05. BRANCH based on conditions.
2026-09-06 10:48:19 | INFO | P02 | -------------------------------
2026-09-06 10:48:19 | INFO | P02 | Selected measurement column: flipper_length_mm
2026-09-06 10:48:19 | INFO | P02 | Reason for choosing this measurement: 
Bill length varies across penguins.
There is no fixed cutoff, so we'll calculate the average
and assign a classification depending on a threshold
around the average value.

2026-09-06 10:48:19 | INFO | P02 | flipper_length_mm - Minimum: 172.0
2026-09-06 10:48:19 | INFO | P02 | flipper_length_mm - Maximum:  231.0
2026-09-06 10:48:19 | INFO | P02 | flipper_length_mm - Mean:     200.91520467836258
2026-09-06 10:48:19 | INFO | P02 | -------------------------------
2026-09-06 10:48:19 | INFO | P02 | Sample flipper_length_mm: 181.0
2026-09-06 10:48:19 | INFO | P02 | Short threshold multiplier: 0.9
2026-09-06 10:48:19 | INFO | P02 | Long threshold multiplier:  1.1
2026-09-06 10:48:19 | INFO | P02 | Short threshold: 180.82368421052632
2026-09-06 10:48:19 | INFO | P02 | Long threshold:  221.00672514619887
2026-09-06 10:48:19 | INFO | P02 | First row flipper_length_mm classification: MEDIUM
2026-09-06 10:48:19 | INFO | P02 | -------------------------------
2026-09-06 10:48:19 | INFO | P02 | 06. REPEAT while a condition is true.
2026-09-06 10:48:19 | INFO | P02 | -------------------------------
2026-09-06 10:48:19 | INFO | P02 | Starting to process measurements periodically...
2026-09-06 10:48:19 | INFO | P02 | Max records to process: 10
2026-09-06 10:48:19 | INFO | P02 | Stream wait seconds: 1
2026-09-06 10:48:19 | INFO | P02 | Current count: 0
2026-09-06 10:48:19 | INFO | P02 | Current flipper_length_mm: 181.0
2026-09-06 10:48:19 | INFO | P02 | Updated count: 1
2026-09-06 10:48:20 | INFO | P02 | Current flipper_length_mm: 186.0
2026-09-06 10:48:20 | INFO | P02 | Updated count: 2
2026-09-06 10:48:21 | INFO | P02 | Current flipper_length_mm: 195.0
2026-09-06 10:48:21 | INFO | P02 | Updated count: 3
2026-09-06 10:48:22 | INFO | P02 | Current flipper_length_mm: nan
2026-09-06 10:48:22 | INFO | P02 | Updated count: 4
2026-09-06 10:48:23 | INFO | P02 | Current flipper_length_mm: 193.0
2026-09-06 10:48:23 | INFO | P02 | Updated count: 5
2026-09-06 10:48:24 | INFO | P02 | Current flipper_length_mm: 190.0
2026-09-06 10:48:24 | INFO | P02 | Updated count: 6
2026-09-06 10:48:25 | INFO | P02 | Current flipper_length_mm: 181.0
2026-09-06 10:48:25 | INFO | P02 | Updated count: 7
2026-09-06 10:48:26 | INFO | P02 | Current flipper_length_mm: 195.0
2026-09-06 10:48:26 | INFO | P02 | Updated count: 8
2026-09-06 10:48:27 | INFO | P02 | Current flipper_length_mm: 193.0
2026-09-06 10:48:27 | INFO | P02 | Updated count: 9
2026-09-06 10:48:28 | INFO | P02 | Current flipper_length_mm: 190.0
2026-09-06 10:48:28 | INFO | P02 | Updated count: 10
2026-09-06 10:48:29 | INFO | P02 | -------------------------------
2026-09-06 10:48:29 | INFO | P02 | 07. VISUALIZE the selected measurement.
2026-09-06 10:48:29 | INFO | P02 | -------------------------------
2026-09-06 10:48:29 | INFO | P02 | Creating a chart to visualize the selected measurement.
2026-09-06 10:48:29 | INFO | P02 | We selected one numeric column, so let's look at the distribution.
2026-09-06 10:48:30 | INFO | P02 | Chart saved successfully at docs\images\measurement-distribution.png.
2026-09-06 10:48:30 | INFO | P02 | IMPORTANT: Close chart window to continue by clicking its X or close button.
2026-09-06 11:02:15 | INFO | P02 | ===================================
2026-09-06 11:02:15 | INFO | P02 | END main() - Executed successfully!
2026-09-06 11:02:15 | INFO | P02 | ===================================
2026-09-06 11:02:38 | INFO | P02 | === RUN START ===
2026-09-06 11:02:38 | INFO | P02 | project=P02
2026-09-06 11:02:38 | INFO | P02 | repo_dir=datafun-02-automation
2026-09-06 11:02:38 | INFO | P02 | python=3.14.7
2026-09-06 11:02:38 | INFO | P02 | os=Windows 11
2026-09-06 11:02:38 | INFO | P02 | shell=powershell
2026-09-06 11:02:38 | INFO | P02 | cwd=.
2026-09-06 11:02:38 | INFO | P02 | github_actions=False
2026-09-06 11:02:38 | INFO | P02 | ===================================
2026-09-06 11:02:38 | INFO | P02 | START main()
2026-09-06 11:02:38 | INFO | P02 | ===================================
2026-09-06 11:02:38 | INFO | P02 | -------------------------------
2026-09-06 11:02:38 | INFO | P02 | 01. LOAD the data.
2026-09-06 11:02:38 | INFO | P02 | -------------------------------
2026-09-06 11:02:38 | INFO | P02 | data file = data\penguins_tomasso.csv
2026-09-06 11:02:38 | INFO | P02 | Data loaded successfully.
2026-09-06 11:02:38 | INFO | P02 | -------------------------------
2026-09-06 11:02:38 | INFO | P02 | 02. INSPECT the data.
2026-09-06 11:02:38 | INFO | P02 | -------------------------------
2026-09-06 11:02:38 | INFO | P02 | START inspect
2026-09-06 11:02:38 | INFO | P02 |    row_count:    344
2026-09-06 11:02:38 | INFO | P02 |    column_count: 8
2026-09-06 11:02:38 | INFO | P02 |    column_names: ['species', 'island', 'bill_length_mm', 'bill_depth_mm', 'flipper_length_mm', 'body_mass_g', 'sex', 'year']
2026-09-06 11:02:38 | INFO | P02 | END inspect. Returning inspection_string.
2026-09-06 11:02:38 | INFO | P02 | 
----------------
Data Inspection:
----------------
    One row means: one penguin
    Row count: 344
    Column count: 8
    Column names: ['species', 'island', 'bill_length_mm', 'bill_depth_mm', 'flipper_length_mm', 'body_mass_g', 'sex', 'year']

---------------
First Few Rows:
---------------
  species     island  bill_length_mm  bill_depth_mm  flipper_length_mm  body_mass_g     sex  year
0  Adelie  Torgersen            39.1           18.7              181.0       3750.0    male  2007
1  Adelie  Torgersen            39.5           17.4              186.0       3800.0  female  2007
2  Adelie  Torgersen            40.3           18.0              195.0       3250.0  female  2007
3  Adelie  Torgersen             NaN            NaN                NaN          NaN     NaN  2007
4  Adelie  Torgersen            36.7           19.3              193.0       3450.0  female  2007

2026-09-06 11:02:38 | INFO | P02 | -------------------------------
2026-09-06 11:02:38 | INFO | P02 | 03. REPEAT logic using a for loop.
2026-09-06 11:02:38 | INFO | P02 | -------------------------------
2026-09-06 11:02:38 | INFO | P02 | Column name: species
2026-09-06 11:02:38 | INFO | P02 | Column name: island
2026-09-06 11:02:38 | INFO | P02 | Column name: bill_length_mm
2026-09-06 11:02:38 | INFO | P02 | Column name: bill_depth_mm
2026-09-06 11:02:38 | INFO | P02 | Column name: flipper_length_mm
2026-09-06 11:02:38 | INFO | P02 | Column name: body_mass_g
2026-09-06 11:02:38 | INFO | P02 | Column name: sex
2026-09-06 11:02:38 | INFO | P02 | Column name: year
2026-09-06 11:02:38 | INFO | P02 | Selected group column: species
2026-09-06 11:02:38 | INFO | P02 | Reason for choosing this group: 
The species column has a small number of unique values.
There are three unique species, so a for loop can
process and log each one.

2026-09-06 11:02:38 | INFO | P02 | Item: Adelie
2026-09-06 11:02:38 | INFO | P02 | Item: Gentoo
2026-09-06 11:02:38 | INFO | P02 | Item: Chinstrap
2026-09-06 11:02:38 | INFO | P02 | -------------------------------
2026-09-06 11:02:38 | INFO | P02 | 04. TRANSFORM one list to another list.
2026-09-06 11:02:38 | INFO | P02 | -------------------------------
2026-09-06 11:02:38 | INFO | P02 | Capitalized column names: ['SPECIES', 'ISLAND', 'BILL_LENGTH_MM', 'BILL_DEPTH_MM', 'FLIPPER_LENGTH_MM', 'BODY_MASS_G', 'SEX', 'YEAR']
2026-09-06 11:02:38 | INFO | P02 | -------------------------------
2026-09-06 11:02:38 | INFO | P02 | 05. BRANCH based on conditions.
2026-09-06 11:02:38 | INFO | P02 | -------------------------------
2026-09-06 11:02:38 | INFO | P02 | Selected measurement column: flipper_length_mm
2026-09-06 11:02:38 | INFO | P02 | Reason for choosing this measurement: 
Flipper length varies across penguins, and is likely is a major predictor to their overall mass.
There is no fixed cutoff, so we'll calculate the average
and assign a classification depending on a threshold
around the average value.

2026-09-06 11:02:38 | INFO | P02 | flipper_length_mm - Minimum: 172.0
2026-09-06 11:02:38 | INFO | P02 | flipper_length_mm - Maximum:  231.0
2026-09-06 11:02:38 | INFO | P02 | flipper_length_mm - Mean:     200.91520467836258
2026-09-06 11:02:38 | INFO | P02 | -------------------------------
2026-09-06 11:02:38 | INFO | P02 | Sample flipper_length_mm: 181.0
2026-09-06 11:02:38 | INFO | P02 | Short threshold multiplier: 0.9
2026-09-06 11:02:38 | INFO | P02 | Long threshold multiplier:  1.1
2026-09-06 11:02:38 | INFO | P02 | Short threshold: 180.82368421052632
2026-09-06 11:02:38 | INFO | P02 | Long threshold:  221.00672514619887
2026-09-06 11:02:38 | INFO | P02 | First row flipper_length_mm classification: MEDIUM
2026-09-06 11:02:38 | INFO | P02 | -------------------------------
2026-09-06 11:02:38 | INFO | P02 | 06. REPEAT while a condition is true.
2026-09-06 11:02:38 | INFO | P02 | -------------------------------
2026-09-06 11:02:38 | INFO | P02 | Starting to process measurements periodically...
2026-09-06 11:02:38 | INFO | P02 | Max records to process: 10
2026-09-06 11:02:38 | INFO | P02 | Stream wait seconds: 1
2026-09-06 11:02:38 | INFO | P02 | Current count: 0
2026-09-06 11:02:38 | INFO | P02 | Current flipper_length_mm: 181.0
2026-09-06 11:02:38 | INFO | P02 | Updated count: 1
2026-09-06 11:02:39 | INFO | P02 | Current flipper_length_mm: 186.0
2026-09-06 11:02:39 | INFO | P02 | Updated count: 2
2026-09-06 11:02:40 | INFO | P02 | Current flipper_length_mm: 195.0
2026-09-06 11:02:40 | INFO | P02 | Updated count: 3
2026-09-06 11:02:41 | INFO | P02 | Current flipper_length_mm: nan
2026-09-06 11:02:41 | INFO | P02 | Updated count: 4
2026-09-06 11:02:42 | INFO | P02 | Current flipper_length_mm: 193.0
2026-09-06 11:02:42 | INFO | P02 | Updated count: 5
2026-09-06 11:02:43 | INFO | P02 | Current flipper_length_mm: 190.0
2026-09-06 11:02:43 | INFO | P02 | Updated count: 6
2026-09-06 11:02:44 | INFO | P02 | Current flipper_length_mm: 181.0
2026-09-06 11:02:44 | INFO | P02 | Updated count: 7
2026-09-06 11:02:45 | INFO | P02 | Current flipper_length_mm: 195.0
2026-09-06 11:02:45 | INFO | P02 | Updated count: 8
2026-09-06 11:02:46 | INFO | P02 | Current flipper_length_mm: 193.0
2026-09-06 11:02:46 | INFO | P02 | Updated count: 9
2026-09-06 11:02:47 | INFO | P02 | Current flipper_length_mm: 190.0
2026-09-06 11:02:47 | INFO | P02 | Updated count: 10
2026-09-06 11:02:48 | INFO | P02 | -------------------------------
2026-09-06 11:02:48 | INFO | P02 | 07. VISUALIZE the selected measurement.
2026-09-06 11:02:48 | INFO | P02 | -------------------------------
2026-09-06 11:02:48 | INFO | P02 | Creating a chart to visualize the selected measurement.
2026-09-06 11:02:48 | INFO | P02 | We selected one numeric column, so let's look at the distribution.
2026-09-06 11:02:48 | INFO | P02 | Chart saved successfully at docs\images\measurement-distribution.png.
2026-09-06 11:02:48 | INFO | P02 | IMPORTANT: Close chart window to continue by clicking its X or close button.
2026-09-06 11:03:13 | INFO | P02 | ===================================
2026-09-06 11:03:13 | INFO | P02 | END main() - Executed successfully!
2026-09-06 11:03:13 | INFO | P02 | ===================================
2026-09-06 11:27:41 | INFO | P02 | === RUN START ===
2026-09-06 11:27:41 | INFO | P02 | project=P02
2026-09-06 11:27:41 | INFO | P02 | repo_dir=datafun-02-automation
2026-09-06 11:27:41 | INFO | P02 | python=3.14.7
2026-09-06 11:27:41 | INFO | P02 | os=Windows 11
2026-09-06 11:27:41 | INFO | P02 | shell=powershell
2026-09-06 11:27:41 | INFO | P02 | cwd=.
2026-09-06 11:27:41 | INFO | P02 | github_actions=False
2026-09-06 11:27:41 | INFO | P02 | ===================================
2026-09-06 11:27:41 | INFO | P02 | START main()
2026-09-06 11:27:41 | INFO | P02 | ===================================
2026-09-06 11:27:41 | INFO | P02 | -------------------------------
2026-09-06 11:27:41 | INFO | P02 | 01. LOAD the data.
2026-09-06 11:27:41 | INFO | P02 | -------------------------------
2026-09-06 11:27:41 | INFO | P02 | data file = data\penguins_tomasso.csv
2026-09-06 11:27:41 | INFO | P02 | Data loaded successfully.
2026-09-06 11:27:41 | INFO | P02 | -------------------------------
2026-09-06 11:27:41 | INFO | P02 | 02. INSPECT the data.
2026-09-06 11:27:41 | INFO | P02 | -------------------------------
2026-09-06 11:27:41 | INFO | P02 | START inspect
2026-09-06 11:27:41 | INFO | P02 |    row_count:    344
2026-09-06 11:27:41 | INFO | P02 |    column_count: 8
2026-09-06 11:27:41 | INFO | P02 |    column_names: ['species', 'island', 'bill_length_mm', 'bill_depth_mm', 'flipper_length_mm', 'body_mass_g', 'sex', 'year']
2026-09-06 11:27:41 | INFO | P02 | END inspect. Returning inspection_string.
2026-09-06 11:27:41 | INFO | P02 | 
----------------
Data Inspection:
----------------
    One row means: one penguin
    Row count: 344
    Column count: 8
    Column names: ['species', 'island', 'bill_length_mm', 'bill_depth_mm', 'flipper_length_mm', 'body_mass_g', 'sex', 'year']

---------------
First Few Rows:
---------------
  species     island  bill_length_mm  bill_depth_mm  flipper_length_mm  body_mass_g     sex  year
0  Adelie  Torgersen            39.1           18.7              181.0       3750.0    male  2007
1  Adelie  Torgersen            39.5           17.4              186.0       3800.0  female  2007
2  Adelie  Torgersen            40.3           18.0              195.0       3250.0  female  2007
3  Adelie  Torgersen             NaN            NaN                NaN          NaN     NaN  2007
4  Adelie  Torgersen            36.7           19.3              193.0       3450.0  female  2007

2026-09-06 11:27:41 | INFO | P02 | -------------------------------
2026-09-06 11:27:41 | INFO | P02 | 03. REPEAT logic using a for loop.
2026-09-06 11:27:41 | INFO | P02 | -------------------------------
2026-09-06 11:27:41 | INFO | P02 | Column name: species
2026-09-06 11:27:41 | INFO | P02 | Column name: island
2026-09-06 11:27:41 | INFO | P02 | Column name: bill_length_mm
2026-09-06 11:27:41 | INFO | P02 | Column name: bill_depth_mm
2026-09-06 11:27:41 | INFO | P02 | Column name: flipper_length_mm
2026-09-06 11:27:41 | INFO | P02 | Column name: body_mass_g
2026-09-06 11:27:41 | INFO | P02 | Column name: sex
2026-09-06 11:27:41 | INFO | P02 | Column name: year
2026-09-06 11:27:41 | INFO | P02 | Selected group column: species
2026-09-06 11:27:41 | INFO | P02 | Reason for choosing this group: 
The species column has a small number of unique values.
There are three unique species, so a for loop can
process and log each one.

2026-09-06 11:27:41 | INFO | P02 | Item: Adelie
2026-09-06 11:27:41 | INFO | P02 | Item: Gentoo
2026-09-06 11:27:41 | INFO | P02 | Item: Chinstrap
2026-09-06 11:27:41 | INFO | P02 | -------------------------------
2026-09-06 11:27:41 | INFO | P02 | 04. TRANSFORM one list to another list.
2026-09-06 11:27:41 | INFO | P02 | -------------------------------
2026-09-06 11:27:41 | INFO | P02 | Capitalized column names: ['SPECIES', 'ISLAND', 'BILL_LENGTH_MM', 'BILL_DEPTH_MM', 'FLIPPER_LENGTH_MM', 'BODY_MASS_G', 'SEX', 'YEAR']
2026-09-06 11:27:41 | INFO | P02 | -------------------------------
2026-09-06 11:27:41 | INFO | P02 | 05. BRANCH based on conditions.
2026-09-06 11:27:41 | INFO | P02 | -------------------------------
2026-09-06 11:27:41 | INFO | P02 | Selected measurement column: flipper_length_mm
2026-09-06 11:27:41 | INFO | P02 | Reason for choosing this measurement: 
Flipper length varies across penguins, and is likely is a major predictor to their overall mass.
There is no fixed cutoff, so we'll calculate the average
and assign a classification depending on a threshold
around the average value.

2026-09-06 11:27:41 | INFO | P02 | flipper_length_mm - Minimum: 172.0
2026-09-06 11:27:41 | INFO | P02 | flipper_length_mm - Maximum:  231.0
2026-09-06 11:27:41 | INFO | P02 | flipper_length_mm - Mean:     200.91520467836258
2026-09-06 11:27:41 | INFO | P02 | -------------------------------
2026-09-06 11:27:41 | INFO | P02 | Sample flipper_length_mm: 181.0
2026-09-06 11:27:41 | INFO | P02 | Short threshold multiplier: 0.9
2026-09-06 11:27:41 | INFO | P02 | Long threshold multiplier:  1.1
2026-09-06 11:27:41 | INFO | P02 | Short threshold: 180.82368421052632
2026-09-06 11:27:41 | INFO | P02 | Long threshold:  221.00672514619887
2026-09-06 11:27:41 | INFO | P02 | First row flipper_length_mm classification: MEDIUM
2026-09-06 11:27:41 | INFO | P02 | -------------------------------
2026-09-06 11:27:41 | INFO | P02 | 06. REPEAT while a condition is true.
2026-09-06 11:27:41 | INFO | P02 | -------------------------------
2026-09-06 11:27:41 | INFO | P02 | Starting to process measurements periodically...
2026-09-06 11:27:41 | INFO | P02 | Max records to process: 10
2026-09-06 11:27:41 | INFO | P02 | Stream wait seconds: 1
2026-09-06 11:27:41 | INFO | P02 | Current count: 0
2026-09-06 11:27:41 | INFO | P02 | Current flipper_length_mm: 181.0
2026-09-06 11:27:41 | INFO | P02 | Updated count: 1
2026-09-06 11:27:42 | INFO | P02 | Current flipper_length_mm: 186.0
2026-09-06 11:27:42 | INFO | P02 | Updated count: 2
2026-09-06 11:27:43 | INFO | P02 | Current flipper_length_mm: 195.0
2026-09-06 11:27:43 | INFO | P02 | Updated count: 3
2026-09-06 11:27:44 | INFO | P02 | Current flipper_length_mm: nan
2026-09-06 11:27:44 | INFO | P02 | Updated count: 4
2026-09-06 11:27:45 | INFO | P02 | Current flipper_length_mm: 193.0
2026-09-06 11:27:45 | INFO | P02 | Updated count: 5
2026-09-06 11:27:46 | INFO | P02 | Current flipper_length_mm: 190.0
2026-09-06 11:27:46 | INFO | P02 | Updated count: 6
2026-09-06 11:27:47 | INFO | P02 | Current flipper_length_mm: 181.0
2026-09-06 11:27:47 | INFO | P02 | Updated count: 7
2026-09-06 11:27:48 | INFO | P02 | Current flipper_length_mm: 195.0
2026-09-06 11:27:48 | INFO | P02 | Updated count: 8
2026-09-06 11:27:49 | INFO | P02 | Current flipper_length_mm: 193.0
2026-09-06 11:27:49 | INFO | P02 | Updated count: 9
2026-09-06 11:27:50 | INFO | P02 | Current flipper_length_mm: 190.0
2026-09-06 11:27:50 | INFO | P02 | Updated count: 10
2026-09-06 11:27:51 | INFO | P02 | -------------------------------
2026-09-06 11:27:51 | INFO | P02 | 07. VISUALIZE the selected measurement.
2026-09-06 11:27:51 | INFO | P02 | -------------------------------
2026-09-06 11:27:51 | INFO | P02 | Creating a scatter plot to compare two numeric measurements.
2026-09-06 11:27:51 | INFO | P02 | Comparing flipper length with body mass to seek correlations.
2026-09-06 11:27:52 | INFO | P02 | Chart saved successfully at docs\images\flipper-length-vs-body-mass.png.
2026-09-06 11:27:52 | INFO | P02 | IMPORTANT: Close chart window to continue by clicking its X or close button.
2026-09-06 11:36:04 | INFO | P02 | ===================================
2026-09-06 11:36:04 | INFO | P02 | END main() - Executed successfully!
2026-09-06 11:36:04 | INFO | P02 | ===================================
2026-09-06 13:43:17 | INFO | P02 | === RUN START ===
2026-09-06 13:43:17 | INFO | P02 | project=P02
2026-09-06 13:43:17 | INFO | P02 | repo_dir=datafun-02-automation
2026-09-06 13:43:17 | INFO | P02 | python=3.14.7
2026-09-06 13:43:17 | INFO | P02 | os=Windows 11
2026-09-06 13:43:17 | INFO | P02 | shell=powershell
2026-09-06 13:43:17 | INFO | P02 | cwd=.
2026-09-06 13:43:17 | INFO | P02 | github_actions=False
2026-09-06 13:43:17 | INFO | P02 | ===================================
2026-09-06 13:43:17 | INFO | P02 | START main()
2026-09-06 13:43:17 | INFO | P02 | ===================================
2026-09-06 13:43:17 | INFO | P02 | -------------------------------
2026-09-06 13:43:17 | INFO | P02 | 01. LOAD the data.
2026-09-06 13:43:17 | INFO | P02 | -------------------------------
2026-09-06 13:43:17 | INFO | P02 | data file = data\penguins_tomasso.csv
2026-09-06 13:43:17 | INFO | P02 | Data loaded successfully.
2026-09-06 13:43:17 | INFO | P02 | -------------------------------
2026-09-06 13:43:17 | INFO | P02 | 02. INSPECT the data.
2026-09-06 13:43:17 | INFO | P02 | -------------------------------
2026-09-06 13:43:17 | INFO | P02 | START inspect
2026-09-06 13:43:17 | INFO | P02 |    row_count:    344
2026-09-06 13:43:17 | INFO | P02 |    column_count: 8
2026-09-06 13:43:17 | INFO | P02 |    column_names: ['species', 'island', 'bill_length_mm', 'bill_depth_mm', 'flipper_length_mm', 'body_mass_g', 'sex', 'year']
2026-09-06 13:43:17 | INFO | P02 | END inspect. Returning inspection_string.
2026-09-06 13:43:17 | INFO | P02 | 
----------------
Data Inspection:
----------------
    One row means: one penguin
    Row count: 344
    Column count: 8
    Column names: ['species', 'island', 'bill_length_mm', 'bill_depth_mm', 'flipper_length_mm', 'body_mass_g', 'sex', 'year']

---------------
First Few Rows:
---------------
  species     island  bill_length_mm  bill_depth_mm  flipper_length_mm  body_mass_g     sex  year
0  Adelie  Torgersen            39.1           18.7              181.0       3750.0    male  2007
1  Adelie  Torgersen            39.5           17.4              186.0       3800.0  female  2007
2  Adelie  Torgersen            40.3           18.0              195.0       3250.0  female  2007
3  Adelie  Torgersen             NaN            NaN                NaN          NaN     NaN  2007
4  Adelie  Torgersen            36.7           19.3              193.0       3450.0  female  2007

2026-09-06 13:43:17 | INFO | P02 | -------------------------------
2026-09-06 13:43:17 | INFO | P02 | 03. REPEAT logic using a for loop.
2026-09-06 13:43:17 | INFO | P02 | -------------------------------
2026-09-06 13:43:17 | INFO | P02 | Column name: species
2026-09-06 13:43:17 | INFO | P02 | Column name: island
2026-09-06 13:43:17 | INFO | P02 | Column name: bill_length_mm
2026-09-06 13:43:17 | INFO | P02 | Column name: bill_depth_mm
2026-09-06 13:43:17 | INFO | P02 | Column name: flipper_length_mm
2026-09-06 13:43:17 | INFO | P02 | Column name: body_mass_g
2026-09-06 13:43:17 | INFO | P02 | Column name: sex
2026-09-06 13:43:17 | INFO | P02 | Column name: year
2026-09-06 13:43:17 | INFO | P02 | Selected group column: species
2026-09-06 13:43:17 | INFO | P02 | Reason for choosing this group: 
The species column has a small number of unique values.
There are three unique species, so a for loop can
process and log each one.

2026-09-06 13:43:17 | INFO | P02 | Item: Adelie
2026-09-06 13:43:17 | INFO | P02 | Item: Gentoo
2026-09-06 13:43:17 | INFO | P02 | Item: Chinstrap
2026-09-06 13:43:17 | INFO | P02 | -------------------------------
2026-09-06 13:43:17 | INFO | P02 | 04. TRANSFORM one list to another list.
2026-09-06 13:43:17 | INFO | P02 | -------------------------------
2026-09-06 13:43:17 | INFO | P02 | Capitalized column names: ['SPECIES', 'ISLAND', 'BILL_LENGTH_MM', 'BILL_DEPTH_MM', 'FLIPPER_LENGTH_MM', 'BODY_MASS_G', 'SEX', 'YEAR']
2026-09-06 13:43:17 | INFO | P02 | -------------------------------
2026-09-06 13:43:17 | INFO | P02 | 05. BRANCH based on conditions.
2026-09-06 13:43:17 | INFO | P02 | -------------------------------
2026-09-06 13:43:17 | INFO | P02 | Selected measurement column: flipper_length_mm
2026-09-06 13:43:17 | INFO | P02 | Reason for choosing this measurement: 
Flipper length varies across penguins, and is likely is a major predictor to their overall mass.
There is no fixed cutoff, so we'll calculate the average
and assign a classification depending on a threshold
around the average value.

2026-09-06 13:43:17 | INFO | P02 | flipper_length_mm - Minimum: 172.0
2026-09-06 13:43:17 | INFO | P02 | flipper_length_mm - Maximum:  231.0
2026-09-06 13:43:17 | INFO | P02 | flipper_length_mm - Mean:     200.91520467836258
2026-09-06 13:43:17 | INFO | P02 | -------------------------------
2026-09-06 13:43:17 | INFO | P02 | Sample flipper_length_mm: 181.0
2026-09-06 13:43:17 | INFO | P02 | Short threshold multiplier: 0.9
2026-09-06 13:43:17 | INFO | P02 | Long threshold multiplier:  1.1
2026-09-06 13:43:17 | INFO | P02 | Short threshold: 180.82368421052632
2026-09-06 13:43:17 | INFO | P02 | Long threshold:  221.00672514619887
2026-09-06 13:43:17 | INFO | P02 | First row flipper_length_mm classification: MEDIUM
2026-09-06 13:43:17 | INFO | P02 | -------------------------------
2026-09-06 13:43:17 | INFO | P02 | 06. REPEAT while a condition is true.
2026-09-06 13:43:17 | INFO | P02 | -------------------------------
2026-09-06 13:43:17 | INFO | P02 | Starting to process measurements periodically...
2026-09-06 13:43:17 | INFO | P02 | Max records to process: 10
2026-09-06 13:43:17 | INFO | P02 | Stream wait seconds: 1
2026-09-06 13:43:17 | INFO | P02 | Current count: 0
2026-09-06 13:43:17 | INFO | P02 | Current flipper_length_mm: 181.0
2026-09-06 13:43:17 | INFO | P02 | Updated count: 1
2026-09-06 13:43:18 | INFO | P02 | Current flipper_length_mm: 186.0
2026-09-06 13:43:18 | INFO | P02 | Updated count: 2
2026-09-06 13:43:19 | INFO | P02 | Current flipper_length_mm: 195.0
2026-09-06 13:43:19 | INFO | P02 | Updated count: 3
2026-09-06 13:43:20 | INFO | P02 | Current flipper_length_mm: nan
2026-09-06 13:43:20 | INFO | P02 | Updated count: 4
2026-09-06 13:43:21 | INFO | P02 | Current flipper_length_mm: 193.0
2026-09-06 13:43:21 | INFO | P02 | Updated count: 5
2026-09-06 13:43:22 | INFO | P02 | Current flipper_length_mm: 190.0
2026-09-06 13:43:22 | INFO | P02 | Updated count: 6
2026-09-06 13:43:23 | INFO | P02 | Current flipper_length_mm: 181.0
2026-09-06 13:43:23 | INFO | P02 | Updated count: 7
2026-09-06 13:43:24 | INFO | P02 | Current flipper_length_mm: 195.0
2026-09-06 13:43:24 | INFO | P02 | Updated count: 8
2026-09-06 13:43:25 | INFO | P02 | Current flipper_length_mm: 193.0
2026-09-06 13:43:25 | INFO | P02 | Updated count: 9
2026-09-06 13:43:26 | INFO | P02 | Current flipper_length_mm: 190.0
2026-09-06 13:43:26 | INFO | P02 | Updated count: 10
2026-09-06 13:43:27 | INFO | P02 | -------------------------------
2026-09-06 13:43:27 | INFO | P02 | 07. VISUALIZE the selected measurement.
2026-09-06 13:43:27 | INFO | P02 | -------------------------------
2026-09-06 13:43:27 | INFO | P02 | Creating a scatter plot to compare two numeric measurements.
2026-09-06 13:43:27 | INFO | P02 | Comparing flipper length with body mass to seek correlations.
2026-09-06 13:43:28 | INFO | P02 | Chart saved successfully at docs\images\flipper-length-vs-body-mass.png.
2026-09-06 13:43:28 | INFO | P02 | IMPORTANT: Close chart window to continue by clicking its X or close button.
2026-09-06 13:43:37 | INFO | P02 | ===================================
2026-09-06 13:43:37 | INFO | P02 | END main() - Executed successfully!
2026-09-06 13:43:37 | INFO | P02 | ===================================
2026-09-06 13:53:28 | INFO | P02 | === RUN START ===
2026-09-06 13:53:28 | INFO | P02 | project=P02
2026-09-06 13:53:28 | INFO | P02 | repo_dir=datafun-02-automation
2026-09-06 13:53:28 | INFO | P02 | python=3.14.7
2026-09-06 13:53:28 | INFO | P02 | os=Windows 11
2026-09-06 13:53:28 | INFO | P02 | shell=powershell
2026-09-06 13:53:28 | INFO | P02 | cwd=.
2026-09-06 13:53:28 | INFO | P02 | github_actions=False
2026-09-06 13:53:28 | INFO | P02 | ===================================
2026-09-06 13:53:28 | INFO | P02 | START main()
2026-09-06 13:53:28 | INFO | P02 | ===================================
2026-09-06 13:53:28 | INFO | P02 | -------------------------------
2026-09-06 13:53:28 | INFO | P02 | 01. LOAD the data.
2026-09-06 13:53:28 | INFO | P02 | -------------------------------
2026-09-06 13:53:28 | INFO | P02 | data file = data\penguins_tomasso.csv
2026-09-06 13:53:28 | INFO | P02 | Data loaded successfully.
2026-09-06 13:53:28 | INFO | P02 | -------------------------------
2026-09-06 13:53:28 | INFO | P02 | 02. INSPECT the data.
2026-09-06 13:53:28 | INFO | P02 | -------------------------------
2026-09-06 13:53:28 | INFO | P02 | START inspect
2026-09-06 13:53:28 | INFO | P02 |    row_count:    344
2026-09-06 13:53:28 | INFO | P02 |    column_count: 8
2026-09-06 13:53:28 | INFO | P02 |    column_names: ['species', 'island', 'bill_length_mm', 'bill_depth_mm', 'flipper_length_mm', 'body_mass_g', 'sex', 'year']
2026-09-06 13:53:28 | INFO | P02 | END inspect. Returning inspection_string.
2026-09-06 13:53:28 | INFO | P02 | 
----------------
Data Inspection:
----------------
    One row means: one penguin
    Row count: 344
    Column count: 8
    Column names: ['species', 'island', 'bill_length_mm', 'bill_depth_mm', 'flipper_length_mm', 'body_mass_g', 'sex', 'year']

---------------
First Few Rows:
---------------
  species     island  bill_length_mm  bill_depth_mm  flipper_length_mm  body_mass_g     sex  year
0  Adelie  Torgersen            39.1           18.7              181.0       3750.0    male  2007
1  Adelie  Torgersen            39.5           17.4              186.0       3800.0  female  2007
2  Adelie  Torgersen            40.3           18.0              195.0       3250.0  female  2007
3  Adelie  Torgersen             NaN            NaN                NaN          NaN     NaN  2007
4  Adelie  Torgersen            36.7           19.3              193.0       3450.0  female  2007

2026-09-06 13:53:28 | INFO | P02 | -------------------------------
2026-09-06 13:53:28 | INFO | P02 | 03. REPEAT logic using a for loop.
2026-09-06 13:53:28 | INFO | P02 | -------------------------------
2026-09-06 13:53:28 | INFO | P02 | Column name: species
2026-09-06 13:53:28 | INFO | P02 | Column name: island
2026-09-06 13:53:28 | INFO | P02 | Column name: bill_length_mm
2026-09-06 13:53:28 | INFO | P02 | Column name: bill_depth_mm
2026-09-06 13:53:28 | INFO | P02 | Column name: flipper_length_mm
2026-09-06 13:53:28 | INFO | P02 | Column name: body_mass_g
2026-09-06 13:53:28 | INFO | P02 | Column name: sex
2026-09-06 13:53:28 | INFO | P02 | Column name: year
2026-09-06 13:53:28 | INFO | P02 | Selected group column: species
2026-09-06 13:53:28 | INFO | P02 | Reason for choosing this group: 
The species column has a small number of unique values.
There are three unique species, so a for loop can
process and log each one.

2026-09-06 13:53:28 | INFO | P02 | Item: Adelie
2026-09-06 13:53:28 | INFO | P02 | Item: Gentoo
2026-09-06 13:53:28 | INFO | P02 | Item: Chinstrap
2026-09-06 13:53:28 | INFO | P02 | -------------------------------
2026-09-06 13:53:28 | INFO | P02 | 04. TRANSFORM one list to another list.
2026-09-06 13:53:28 | INFO | P02 | -------------------------------
2026-09-06 13:53:28 | INFO | P02 | Capitalized column names: ['SPECIES', 'ISLAND', 'BILL_LENGTH_MM', 'BILL_DEPTH_MM', 'FLIPPER_LENGTH_MM', 'BODY_MASS_G', 'SEX', 'YEAR']
2026-09-06 13:53:28 | INFO | P02 | -------------------------------
2026-09-06 13:53:28 | INFO | P02 | 05. BRANCH based on conditions.
2026-09-06 13:53:28 | INFO | P02 | -------------------------------
2026-09-06 13:53:28 | INFO | P02 | Selected measurement column: flipper_length_mm
2026-09-06 13:53:28 | INFO | P02 | Reason for choosing this measurement: 
Flipper length varies across penguins, and is likely is a major predictor to their overall mass.
There is no fixed cutoff, so we'll calculate the average
and assign a classification depending on a threshold
around the average value.

2026-09-06 13:53:28 | INFO | P02 | flipper_length_mm - Minimum: 172.0
2026-09-06 13:53:28 | INFO | P02 | flipper_length_mm - Maximum:  231.0
2026-09-06 13:53:28 | INFO | P02 | flipper_length_mm - Mean:     200.91520467836258
2026-09-06 13:53:28 | INFO | P02 | -------------------------------
2026-09-06 13:53:28 | INFO | P02 | Sample flipper_length_mm: 181.0
2026-09-06 13:53:28 | INFO | P02 | Short threshold multiplier: 0.9
2026-09-06 13:53:28 | INFO | P02 | Long threshold multiplier:  1.1
2026-09-06 13:53:28 | INFO | P02 | Short threshold: 180.82368421052632
2026-09-06 13:53:28 | INFO | P02 | Long threshold:  221.00672514619887
2026-09-06 13:53:28 | INFO | P02 | First row flipper_length_mm classification: MEDIUM
2026-09-06 13:53:28 | INFO | P02 | -------------------------------
2026-09-06 13:53:28 | INFO | P02 | 06. REPEAT while a condition is true.
2026-09-06 13:53:28 | INFO | P02 | -------------------------------
2026-09-06 13:53:28 | INFO | P02 | Starting to process measurements periodically...
2026-09-06 13:53:28 | INFO | P02 | Max records to process: 10
2026-09-06 13:53:28 | INFO | P02 | Stream wait seconds: 1
2026-09-06 13:53:28 | INFO | P02 | Current count: 0
2026-09-06 13:53:28 | INFO | P02 | Current flipper_length_mm: 181.0
2026-09-06 13:53:28 | INFO | P02 | Updated count: 1
2026-09-06 13:53:29 | INFO | P02 | Current flipper_length_mm: 186.0
2026-09-06 13:53:29 | INFO | P02 | Updated count: 2
2026-09-06 13:53:30 | INFO | P02 | Current flipper_length_mm: 195.0
2026-09-06 13:53:30 | INFO | P02 | Updated count: 3
2026-09-06 13:53:31 | INFO | P02 | Current flipper_length_mm: nan
2026-09-06 13:53:31 | INFO | P02 | Updated count: 4
2026-09-06 13:53:32 | INFO | P02 | Current flipper_length_mm: 193.0
2026-09-06 13:53:32 | INFO | P02 | Updated count: 5
2026-09-06 13:53:33 | INFO | P02 | Current flipper_length_mm: 190.0
2026-09-06 13:53:33 | INFO | P02 | Updated count: 6
2026-09-06 13:53:34 | INFO | P02 | Current flipper_length_mm: 181.0
2026-09-06 13:53:34 | INFO | P02 | Updated count: 7
2026-09-06 13:53:35 | INFO | P02 | Current flipper_length_mm: 195.0
2026-09-06 13:53:35 | INFO | P02 | Updated count: 8
2026-09-06 13:53:36 | INFO | P02 | Current flipper_length_mm: 193.0
2026-09-06 13:53:36 | INFO | P02 | Updated count: 9
2026-09-06 13:53:37 | INFO | P02 | Current flipper_length_mm: 190.0
2026-09-06 13:53:37 | INFO | P02 | Updated count: 10
2026-09-06 13:53:38 | INFO | P02 | -------------------------------
2026-09-06 13:53:38 | INFO | P02 | 07. VISUALIZE the selected measurement.
2026-09-06 13:53:38 | INFO | P02 | -------------------------------
2026-09-06 13:53:38 | INFO | P02 | Creating a scatter plot to compare two numeric measurements.
2026-09-06 13:53:38 | INFO | P02 | Comparing flipper length with body mass to seek correlations.
2026-09-06 13:56:27 | INFO | P02 | === RUN START ===
2026-09-06 13:56:27 | INFO | P02 | project=P02
2026-09-06 13:56:27 | INFO | P02 | repo_dir=datafun-02-automation
2026-09-06 13:56:27 | INFO | P02 | python=3.14.7
2026-09-06 13:56:27 | INFO | P02 | os=Windows 11
2026-09-06 13:56:27 | INFO | P02 | shell=powershell
2026-09-06 13:56:27 | INFO | P02 | cwd=.
2026-09-06 13:56:27 | INFO | P02 | github_actions=False
2026-09-06 13:56:27 | INFO | P02 | ===================================
2026-09-06 13:56:27 | INFO | P02 | START main()
2026-09-06 13:56:27 | INFO | P02 | ===================================
2026-09-06 13:56:27 | INFO | P02 | -------------------------------
2026-09-06 13:56:27 | INFO | P02 | 01. LOAD the data.
2026-09-06 13:56:27 | INFO | P02 | -------------------------------
2026-09-06 13:56:27 | INFO | P02 | data file = data\penguins_tomasso.csv
2026-09-06 13:56:27 | INFO | P02 | Data loaded successfully.
2026-09-06 13:56:27 | INFO | P02 | -------------------------------
2026-09-06 13:56:27 | INFO | P02 | 02. INSPECT the data.
2026-09-06 13:56:27 | INFO | P02 | -------------------------------
2026-09-06 13:56:27 | INFO | P02 | START inspect
2026-09-06 13:56:27 | INFO | P02 |    row_count:    344
2026-09-06 13:56:27 | INFO | P02 |    column_count: 8
2026-09-06 13:56:27 | INFO | P02 |    column_names: ['species', 'island', 'bill_length_mm', 'bill_depth_mm', 'flipper_length_mm', 'body_mass_g', 'sex', 'year']
2026-09-06 13:56:27 | INFO | P02 | END inspect. Returning inspection_string.
2026-09-06 13:56:27 | INFO | P02 | 
----------------
Data Inspection:
----------------
    One row means: one penguin
    Row count: 344
    Column count: 8
    Column names: ['species', 'island', 'bill_length_mm', 'bill_depth_mm', 'flipper_length_mm', 'body_mass_g', 'sex', 'year']

---------------
First Few Rows:
---------------
  species     island  bill_length_mm  bill_depth_mm  flipper_length_mm  body_mass_g     sex  year
0  Adelie  Torgersen            39.1           18.7              181.0       3750.0    male  2007
1  Adelie  Torgersen            39.5           17.4              186.0       3800.0  female  2007
2  Adelie  Torgersen            40.3           18.0              195.0       3250.0  female  2007
3  Adelie  Torgersen             NaN            NaN                NaN          NaN     NaN  2007
4  Adelie  Torgersen            36.7           19.3              193.0       3450.0  female  2007

2026-09-06 13:56:27 | INFO | P02 | -------------------------------
2026-09-06 13:56:27 | INFO | P02 | 03. REPEAT logic using a for loop.
2026-09-06 13:56:27 | INFO | P02 | -------------------------------
2026-09-06 13:56:27 | INFO | P02 | Column name: species
2026-09-06 13:56:27 | INFO | P02 | Column name: island
2026-09-06 13:56:27 | INFO | P02 | Column name: bill_length_mm
2026-09-06 13:56:27 | INFO | P02 | Column name: bill_depth_mm
2026-09-06 13:56:27 | INFO | P02 | Column name: flipper_length_mm
2026-09-06 13:56:27 | INFO | P02 | Column name: body_mass_g
2026-09-06 13:56:27 | INFO | P02 | Column name: sex
2026-09-06 13:56:27 | INFO | P02 | Column name: year
2026-09-06 13:56:27 | INFO | P02 | Selected group column: species
2026-09-06 13:56:27 | INFO | P02 | Reason for choosing this group: 
The species column has a small number of unique values.
There are three unique species, so a for loop can
process and log each one.

2026-09-06 13:56:27 | INFO | P02 | Item: Adelie
2026-09-06 13:56:27 | INFO | P02 | Item: Gentoo
2026-09-06 13:56:27 | INFO | P02 | Item: Chinstrap
2026-09-06 13:56:27 | INFO | P02 | -------------------------------
2026-09-06 13:56:27 | INFO | P02 | 04. TRANSFORM one list to another list.
2026-09-06 13:56:27 | INFO | P02 | -------------------------------
2026-09-06 13:56:27 | INFO | P02 | Capitalized column names: ['SPECIES', 'ISLAND', 'BILL_LENGTH_MM', 'BILL_DEPTH_MM', 'FLIPPER_LENGTH_MM', 'BODY_MASS_G', 'SEX', 'YEAR']
2026-09-06 13:56:27 | INFO | P02 | -------------------------------
2026-09-06 13:56:27 | INFO | P02 | 05. BRANCH based on conditions.
2026-09-06 13:56:27 | INFO | P02 | -------------------------------
2026-09-06 13:56:27 | INFO | P02 | Selected measurement column: flipper_length_mm
2026-09-06 13:56:27 | INFO | P02 | Reason for choosing this measurement: 
Flipper length varies across penguins, and is likely is a major predictor to their overall mass.
There is no fixed cutoff, so we'll calculate the average
and assign a classification depending on a threshold
around the average value.

2026-09-06 13:56:27 | INFO | P02 | flipper_length_mm - Minimum: 172.0
2026-09-06 13:56:27 | INFO | P02 | flipper_length_mm - Maximum:  231.0
2026-09-06 13:56:27 | INFO | P02 | flipper_length_mm - Mean:     200.91520467836258
2026-09-06 13:56:27 | INFO | P02 | -------------------------------
2026-09-06 13:56:27 | INFO | P02 | Sample flipper_length_mm: 181.0
2026-09-06 13:56:27 | INFO | P02 | Short threshold multiplier: 0.9
2026-09-06 13:56:27 | INFO | P02 | Long threshold multiplier:  1.1
2026-09-06 13:56:27 | INFO | P02 | Short threshold: 180.82368421052632
2026-09-06 13:56:27 | INFO | P02 | Long threshold:  221.00672514619887
2026-09-06 13:56:27 | INFO | P02 | First row flipper_length_mm classification: MEDIUM
2026-09-06 13:56:27 | INFO | P02 | -------------------------------
2026-09-06 13:56:27 | INFO | P02 | 06. REPEAT while a condition is true.
2026-09-06 13:56:27 | INFO | P02 | -------------------------------
2026-09-06 13:56:27 | INFO | P02 | Starting to process measurements periodically...
2026-09-06 13:56:27 | INFO | P02 | Max records to process: 10
2026-09-06 13:56:27 | INFO | P02 | Stream wait seconds: 1
2026-09-06 13:56:27 | INFO | P02 | Current count: 0
2026-09-06 13:56:27 | INFO | P02 | Current flipper_length_mm: 181.0
2026-09-06 13:56:27 | INFO | P02 | Updated count: 1
2026-09-06 13:56:28 | INFO | P02 | Current flipper_length_mm: 186.0
2026-09-06 13:56:28 | INFO | P02 | Updated count: 2
2026-09-06 13:56:29 | INFO | P02 | Current flipper_length_mm: 195.0
2026-09-06 13:56:29 | INFO | P02 | Updated count: 3
2026-09-06 13:56:30 | INFO | P02 | Current flipper_length_mm: nan
2026-09-06 13:56:30 | INFO | P02 | Updated count: 4
2026-09-06 13:56:31 | INFO | P02 | Current flipper_length_mm: 193.0
2026-09-06 13:56:31 | INFO | P02 | Updated count: 5
2026-09-06 13:56:32 | INFO | P02 | Current flipper_length_mm: 190.0
2026-09-06 13:56:32 | INFO | P02 | Updated count: 6
2026-09-06 13:56:33 | INFO | P02 | Current flipper_length_mm: 181.0
2026-09-06 13:56:33 | INFO | P02 | Updated count: 7
2026-09-06 13:56:34 | INFO | P02 | Current flipper_length_mm: 195.0
2026-09-06 13:56:34 | INFO | P02 | Updated count: 8
2026-09-06 13:56:35 | INFO | P02 | Current flipper_length_mm: 193.0
2026-09-06 13:56:35 | INFO | P02 | Updated count: 9
2026-09-06 13:56:36 | INFO | P02 | Current flipper_length_mm: 190.0
2026-09-06 13:56:36 | INFO | P02 | Updated count: 10
2026-09-06 13:56:37 | INFO | P02 | -------------------------------
2026-09-06 13:56:37 | INFO | P02 | 07. VISUALIZE the selected measurement.
2026-09-06 13:56:37 | INFO | P02 | -------------------------------
2026-09-06 13:56:37 | INFO | P02 | Creating a scatter plot to compare two numeric measurements.
2026-09-06 13:56:37 | INFO | P02 | Comparing flipper length with body mass to seek correlations.
2026-09-06 13:56:38 | INFO | P02 | Chart saved successfully at docs\images\flipper-length-vs-body-mass.png.
2026-09-06 13:56:38 | INFO | P02 | IMPORTANT: Close chart window to continue by clicking its X or close button.
2026-09-06 14:02:53 | INFO | P02 | ===================================
2026-09-06 14:02:53 | INFO | P02 | END main() - Executed successfully!
2026-09-06 14:02:53 | INFO | P02 | ===================================
2026-09-06 14:03:39 | INFO | P02 | === RUN START ===
2026-09-06 14:03:39 | INFO | P02 | project=P02
2026-09-06 14:03:39 | INFO | P02 | repo_dir=datafun-02-automation
2026-09-06 14:03:39 | INFO | P02 | python=3.14.7
2026-09-06 14:03:39 | INFO | P02 | os=Windows 11
2026-09-06 14:03:39 | INFO | P02 | shell=powershell
2026-09-06 14:03:39 | INFO | P02 | cwd=.
2026-09-06 14:03:39 | INFO | P02 | github_actions=False
2026-09-06 14:03:39 | INFO | P02 | ===================================
2026-09-06 14:03:39 | INFO | P02 | START main()
2026-09-06 14:03:39 | INFO | P02 | ===================================
2026-09-06 14:03:39 | INFO | P02 | -------------------------------
2026-09-06 14:03:39 | INFO | P02 | 01. LOAD the data.
2026-09-06 14:03:39 | INFO | P02 | -------------------------------
2026-09-06 14:03:39 | INFO | P02 | data file = data\penguins_tomasso.csv
2026-09-06 14:03:39 | INFO | P02 | Data loaded successfully.
2026-09-06 14:03:39 | INFO | P02 | -------------------------------
2026-09-06 14:03:39 | INFO | P02 | 02. INSPECT the data.
2026-09-06 14:03:39 | INFO | P02 | -------------------------------
2026-09-06 14:03:39 | INFO | P02 | START inspect
2026-09-06 14:03:39 | INFO | P02 |    row_count:    344
2026-09-06 14:03:39 | INFO | P02 |    column_count: 8
2026-09-06 14:03:39 | INFO | P02 |    column_names: ['species', 'island', 'bill_length_mm', 'bill_depth_mm', 'flipper_length_mm', 'body_mass_g', 'sex', 'year']
2026-09-06 14:03:39 | INFO | P02 | END inspect. Returning inspection_string.
2026-09-06 14:03:39 | INFO | P02 | 
----------------
Data Inspection:
----------------
    One row means: one penguin
    Row count: 344
    Column count: 8
    Column names: ['species', 'island', 'bill_length_mm', 'bill_depth_mm', 'flipper_length_mm', 'body_mass_g', 'sex', 'year']

---------------
First Few Rows:
---------------
  species     island  bill_length_mm  bill_depth_mm  flipper_length_mm  body_mass_g     sex  year
0  Adelie  Torgersen            39.1           18.7              181.0       3750.0    male  2007
1  Adelie  Torgersen            39.5           17.4              186.0       3800.0  female  2007
2  Adelie  Torgersen            40.3           18.0              195.0       3250.0  female  2007
3  Adelie  Torgersen             NaN            NaN                NaN          NaN     NaN  2007
4  Adelie  Torgersen            36.7           19.3              193.0       3450.0  female  2007

2026-09-06 14:03:39 | INFO | P02 | -------------------------------
2026-09-06 14:03:39 | INFO | P02 | 03. REPEAT logic using a for loop.
2026-09-06 14:03:39 | INFO | P02 | -------------------------------
2026-09-06 14:03:39 | INFO | P02 | Column name: species
2026-09-06 14:03:39 | INFO | P02 | Column name: island
2026-09-06 14:03:39 | INFO | P02 | Column name: bill_length_mm
2026-09-06 14:03:39 | INFO | P02 | Column name: bill_depth_mm
2026-09-06 14:03:39 | INFO | P02 | Column name: flipper_length_mm
2026-09-06 14:03:39 | INFO | P02 | Column name: body_mass_g
2026-09-06 14:03:39 | INFO | P02 | Column name: sex
2026-09-06 14:03:39 | INFO | P02 | Column name: year
2026-09-06 14:03:39 | INFO | P02 | Selected group column: species
2026-09-06 14:03:39 | INFO | P02 | Reason for choosing this group: 
The species column has a small number of unique values.
There are three unique species, so a for loop can
process and log each one.

2026-09-06 14:03:39 | INFO | P02 | Item: Adelie
2026-09-06 14:03:39 | INFO | P02 | Item: Gentoo
2026-09-06 14:03:39 | INFO | P02 | Item: Chinstrap
2026-09-06 14:03:39 | INFO | P02 | -------------------------------
2026-09-06 14:03:39 | INFO | P02 | 04. TRANSFORM one list to another list.
2026-09-06 14:03:39 | INFO | P02 | -------------------------------
2026-09-06 14:03:39 | INFO | P02 | Capitalized column names: ['SPECIES', 'ISLAND', 'BILL_LENGTH_MM', 'BILL_DEPTH_MM', 'FLIPPER_LENGTH_MM', 'BODY_MASS_G', 'SEX', 'YEAR']
2026-09-06 14:03:39 | INFO | P02 | -------------------------------
2026-09-06 14:03:39 | INFO | P02 | 05. BRANCH based on conditions.
2026-09-06 14:03:39 | INFO | P02 | -------------------------------
2026-09-06 14:03:39 | INFO | P02 | Selected measurement column: flipper_length_mm
2026-09-06 14:03:39 | INFO | P02 | Reason for choosing this measurement: 
Flipper length varies across penguins, and is likely is a major predictor to their overall mass.
There is no fixed cutoff, so we'll calculate the average
and assign a classification depending on a threshold
around the average value.

2026-09-06 14:03:39 | INFO | P02 | flipper_length_mm - Minimum: 172.0
2026-09-06 14:03:39 | INFO | P02 | flipper_length_mm - Maximum:  231.0
2026-09-06 14:03:39 | INFO | P02 | flipper_length_mm - Mean:     200.91520467836258
2026-09-06 14:03:39 | INFO | P02 | -------------------------------
2026-09-06 14:03:39 | INFO | P02 | Sample flipper_length_mm: 181.0
2026-09-06 14:03:39 | INFO | P02 | Short threshold multiplier: 0.9
2026-09-06 14:03:39 | INFO | P02 | Long threshold multiplier:  1.1
2026-09-06 14:03:39 | INFO | P02 | Short threshold: 180.82368421052632
2026-09-06 14:03:39 | INFO | P02 | Long threshold:  221.00672514619887
2026-09-06 14:03:39 | INFO | P02 | First row flipper_length_mm classification: MEDIUM
2026-09-06 14:03:39 | INFO | P02 | -------------------------------
2026-09-06 14:03:39 | INFO | P02 | 06. REPEAT while a condition is true.
2026-09-06 14:03:39 | INFO | P02 | -------------------------------
2026-09-06 14:03:39 | INFO | P02 | Starting to process measurements periodically...
2026-09-06 14:03:39 | INFO | P02 | Max records to process: 10
2026-09-06 14:03:39 | INFO | P02 | Stream wait seconds: 1
2026-09-06 14:03:39 | INFO | P02 | Current count: 0
2026-09-06 14:03:39 | INFO | P02 | Current flipper_length_mm: 181.0
2026-09-06 14:03:39 | INFO | P02 | Updated count: 1
2026-09-06 14:03:40 | INFO | P02 | Current flipper_length_mm: 186.0
2026-09-06 14:03:40 | INFO | P02 | Updated count: 2
2026-09-06 14:03:41 | INFO | P02 | Current flipper_length_mm: 195.0
2026-09-06 14:03:41 | INFO | P02 | Updated count: 3
2026-09-06 14:03:42 | INFO | P02 | Current flipper_length_mm: nan
2026-09-06 14:03:42 | INFO | P02 | Updated count: 4
2026-09-06 14:03:43 | INFO | P02 | Current flipper_length_mm: 193.0
2026-09-06 14:03:43 | INFO | P02 | Updated count: 5
2026-09-06 14:03:44 | INFO | P02 | Current flipper_length_mm: 190.0
2026-09-06 14:03:44 | INFO | P02 | Updated count: 6
2026-09-06 14:03:45 | INFO | P02 | Current flipper_length_mm: 181.0
2026-09-06 14:03:45 | INFO | P02 | Updated count: 7
2026-09-06 14:03:46 | INFO | P02 | Current flipper_length_mm: 195.0
2026-09-06 14:03:46 | INFO | P02 | Updated count: 8
2026-09-06 14:03:47 | INFO | P02 | Current flipper_length_mm: 193.0
2026-09-06 14:03:47 | INFO | P02 | Updated count: 9
2026-09-06 14:03:48 | INFO | P02 | Current flipper_length_mm: 190.0
2026-09-06 14:03:48 | INFO | P02 | Updated count: 10
2026-09-06 14:03:49 | INFO | P02 | -------------------------------
2026-09-06 14:03:49 | INFO | P02 | 07. VISUALIZE the selected measurement.
2026-09-06 14:03:49 | INFO | P02 | -------------------------------
2026-09-06 14:03:49 | INFO | P02 | Creating a scatter plot to compare two numeric measurements.
2026-09-06 14:03:49 | INFO | P02 | Comparing flipper length with body mass to seek correlations.
2026-09-06 14:03:50 | INFO | P02 | Chart saved successfully at docs\images\flipper-length-vs-body-mass.png.
2026-09-06 14:03:50 | INFO | P02 | IMPORTANT: Close chart window to continue by clicking its X or close button.
2026-09-06 14:04:27 | INFO | P02 | ===================================
2026-09-06 14:04:27 | INFO | P02 | END main() - Executed successfully!
2026-09-06 14:04:27 | INFO | P02 | ===================================
